#pymunk.Segment(_body, , , 4)
# Boundries
pymunk.Segment(static_body, (0,0), (self.mapWidth,0), 4)
pymunk.Segment(static_body, (0,self.mapHeight), (self.mapWidth,self.mapHeight), 4)
pymunk.Segment(static_body, (0,0), (0,self.mapHeight), 4)
pymunk.Segment(static_body, (self.mapWidth,0), (self.mapWidth,self.mapHeight), 4)
# Level
#powerup.PowerUp((500,30), 	'grav_pwr.png', rot_pwr_img=True, 	blend_img=(109,207,109), 	blend_bar=(109,207,109), 	pwr_type='Gravity', grav_mod_dir=(0,0), dur=240, activ_dist=60)
powerup.PowerUp((1000,30), 	'grav_pwr.png', rot_pwr_img=True, 	blend_img=(109,207,246), 	blend_bar=(109,207,246), 	pwr_type='Gravity', grav_mod_dir=(0,-200), dur=220, activ_dist=60)
powerup.PowerUp((800,30), 	'grav_pwr.png', rot_pwr_img=True, 	blend_img=(109,207,109), 	blend_bar=(109,207,109), 	pwr_type='Gravity', grav_mod_dir=(0,-200), dur=220, activ_dist=60)
powerup.PowerUp((600,30), 	'grav_pwr.png', rot_pwr_img=True, 	blend_img=(255,242,0  ), 	blend_bar=(255,242,0  ), 	pwr_type='Gravity', grav_mod_dir=(0,-200), dur=220, activ_dist=60)
powerup.PowerUp((200,30), 	'boost_pwr.png', 					blend_img=(255,69, 69), 	blend_bar=(255,69, 69), 	pwr_type='Boost',   accel_mod_amount=16, dur=640, activ_dist=75)