#pymunk.Segment(_body, , , 4)
# Boundries
pymunk.Segment(static_body, (0,0), (self.mapWidth,0), 4)
pymunk.Segment(static_body, (0,self.mapHeight+300), (self.mapWidth,self.mapHeight+300), 4)
pymunk.Segment(static_body, (0,0), (0,self.mapHeight+300), 4)
pymunk.Segment(static_body, (self.mapWidth,0), (self.mapWidth,self.mapHeight+300), 4)
# # # # # # # # # # # # # # # # # # # # # # # # # # # # # # # # # # # # # # # # # #

Button((300, (self.mapHeight//2) + 72), 'button.png', 'PLAY', glow_image='button_glow.png', action = 'play', camera_target = (screen_res[0]+screen_res[0]//2,0))
Button((300, (self.mapHeight//2)), 'button.png', 'OPTIONS', glow_image='button_glow.png', camera_target = ((screen_res[0]*2)+screen_res[0]//2,0))
Button((300, (self.mapHeight//2) - 72), 'button.png', 'EXIT', glow_image='button_glow.png', action = 'exit')

Button((screen_res[0] + 120, 52), 'buttonsmall.png', 'BACK', glow_image='buttonsmall_glow.png', camera_target = (screen_res[0]//2,0))
Button(((screen_res[0]*2) + 120, 52), 'buttonsmall.png', 'BACK', glow_image='buttonsmall_glow.png', camera_target = (screen_res[0]//2,0))

pymunk.Segment(static_body, (screen_res[0],0), (screen_res[0],self.mapHeight), 4)
pymunk.Segment(static_body, (screen_res[0],78), (screen_res[0]+223,78), 4)
pymunk.Segment(static_body, (screen_res[0]+223,78), (screen_res[0]+223,0), 4)
pymunk.Segment(static_body, (screen_res[0]*2,0), (screen_res[0]*2,self.mapHeight), 4)
pymunk.Segment(static_body, (screen_res[0]*2,78), ((screen_res[0]*2)+223,78), 4)
pymunk.Segment(static_body, ((screen_res[0]*2)+223,78), ((screen_res[0]*2)+223,0), 4)

pymunk.Segment(static_body, (150,(self.mapHeight//2)+108), (450,(self.mapHeight//2)+108), 4)
pymunk.Segment(static_body, (150,(self.mapHeight//2)-108), (450,(self.mapHeight//2)-108), 4)
pymunk.Segment(static_body, (450,(self.mapHeight//2)+108), (450,(self.mapHeight//2)-108), 4)
pymunk.Segment(static_body, (150,(self.mapHeight//2)-108), (150,(self.mapHeight//2)+108), 4)